C:\Users\Sehun\Documents\20DecSDET2-IMS-Starter\src\main\java\com\qa\ims\cli\DomainMenu.java
C:\Users\Sehun\Documents\20DecSDET2-IMS-Starter\src\main\java\com\qa\ims\controller\ICrudController.java
C:\Users\Sehun\Documents\20DecSDET2-IMS-Starter\src\main\java\com\qa\ims\persistence\dao\OrdersDao.java
C:\Users\Sehun\Documents\20DecSDET2-IMS-Starter\src\main\java\com\qa\ims\controller\ItemsController.java
C:\Users\Sehun\Documents\20DecSDET2-IMS-Starter\src\main\java\com\qa\ims\persistence\dao\ItemsDao.java
C:\Users\Sehun\Documents\20DecSDET2-IMS-Starter\src\main\java\com\qa\ims\controller\OrdersTotalPriceController.java
C:\Users\Sehun\Documents\20DecSDET2-IMS-Starter\src\main\java\com\qa\ims\persistence\domain\Items.java
C:\Users\Sehun\Documents\20DecSDET2-IMS-Starter\src\main\java\com\qa\ims\Runner.java
C:\Users\Sehun\Documents\20DecSDET2-IMS-Starter\src\main\java\com\qa\ims\utils\DatabaseUtilities.java
C:\Users\Sehun\Documents\20DecSDET2-IMS-Starter\src\main\java\com\qa\ims\cli\ActionMenu.java
C:\Users\Sehun\Documents\20DecSDET2-IMS-Starter\src\main\java\com\qa\ims\controller\CustomerController.java
C:\Users\Sehun\Documents\20DecSDET2-IMS-Starter\src\main\java\com\qa\ims\controller\OrdersController.java
C:\Users\Sehun\Documents\20DecSDET2-IMS-Starter\src\main\java\com\qa\ims\persistence\domain\Customer.java
C:\Users\Sehun\Documents\20DecSDET2-IMS-Starter\src\main\java\com\qa\ims\persistence\domain\Orders.java
C:\Users\Sehun\Documents\20DecSDET2-IMS-Starter\src\main\java\com\qa\ims\cli\IMSEntryPoint.java
C:\Users\Sehun\Documents\20DecSDET2-IMS-Starter\src\main\java\com\qa\ims\utils\JavaUtilities.java
C:\Users\Sehun\Documents\20DecSDET2-IMS-Starter\src\main\java\com\qa\ims\persistence\dao\CustomerDao.java
C:\Users\Sehun\Documents\20DecSDET2-IMS-Starter\src\main\java\com\qa\ims\persistence\dao\IDomainDao.java
